Archive member included to satisfy reference by file (symbol)

/usr/local/gcc-arm-none-eabi-5_2-2015q4/bin/../lib/gcc/arm-none-eabi/5.2.1/../../../../arm-none-eabi/lib/armv7e-m/libg_nano.a(lib_a-atoi.o)
                              ./src/main.o (atoi)
/usr/local/gcc-arm-none-eabi-5_2-2015q4/bin/../lib/gcc/arm-none-eabi/5.2.1/../../../../arm-none-eabi/lib/armv7e-m/libg_nano.a(lib_a-errno.o)
                              ./system/src/newlib/_sbrk.o (__errno)
/usr/local/gcc-arm-none-eabi-5_2-2015q4/bin/../lib/gcc/arm-none-eabi/5.2.1/../../../../arm-none-eabi/lib/armv7e-m/libg_nano.a(lib_a-impure.o)
                              /usr/local/gcc-arm-none-eabi-5_2-2015q4/bin/../lib/gcc/arm-none-eabi/5.2.1/../../../../arm-none-eabi/lib/armv7e-m/libg_nano.a(lib_a-errno.o) (_impure_ptr)
/usr/local/gcc-arm-none-eabi-5_2-2015q4/bin/../lib/gcc/arm-none-eabi/5.2.1/../../../../arm-none-eabi/lib/armv7e-m/libg_nano.a(lib_a-sprintf.o)
                              ./src/main.o (sprintf)
/usr/local/gcc-arm-none-eabi-5_2-2015q4/bin/../lib/gcc/arm-none-eabi/5.2.1/../../../../arm-none-eabi/lib/armv7e-m/libg_nano.a(lib_a-strlen.o)
                              ./src/main.o (strlen)
/usr/local/gcc-arm-none-eabi-5_2-2015q4/bin/../lib/gcc/arm-none-eabi/5.2.1/../../../../arm-none-eabi/lib/armv7e-m/libg_nano.a(lib_a-strtol.o)
                              /usr/local/gcc-arm-none-eabi-5_2-2015q4/bin/../lib/gcc/arm-none-eabi/5.2.1/../../../../arm-none-eabi/lib/armv7e-m/libg_nano.a(lib_a-atoi.o) (_strtol_r)
/usr/local/gcc-arm-none-eabi-5_2-2015q4/bin/../lib/gcc/arm-none-eabi/5.2.1/../../../../arm-none-eabi/lib/armv7e-m/libg_nano.a(lib_a-ctype_.o)
                              /usr/local/gcc-arm-none-eabi-5_2-2015q4/bin/../lib/gcc/arm-none-eabi/5.2.1/../../../../arm-none-eabi/lib/armv7e-m/libg_nano.a(lib_a-strtol.o) (__ctype_ptr__)
/usr/local/gcc-arm-none-eabi-5_2-2015q4/bin/../lib/gcc/arm-none-eabi/5.2.1/../../../../arm-none-eabi/lib/armv7e-m/libg_nano.a(lib_a-nano-svfprintf.o)
                              /usr/local/gcc-arm-none-eabi-5_2-2015q4/bin/../lib/gcc/arm-none-eabi/5.2.1/../../../../arm-none-eabi/lib/armv7e-m/libg_nano.a(lib_a-sprintf.o) (_svfprintf_r)
/usr/local/gcc-arm-none-eabi-5_2-2015q4/bin/../lib/gcc/arm-none-eabi/5.2.1/../../../../arm-none-eabi/lib/armv7e-m/libg_nano.a(lib_a-nano-vfprintf_i.o)
                              /usr/local/gcc-arm-none-eabi-5_2-2015q4/bin/../lib/gcc/arm-none-eabi/5.2.1/../../../../arm-none-eabi/lib/armv7e-m/libg_nano.a(lib_a-nano-svfprintf.o) (_printf_i)
/usr/local/gcc-arm-none-eabi-5_2-2015q4/bin/../lib/gcc/arm-none-eabi/5.2.1/../../../../arm-none-eabi/lib/armv7e-m/libg_nano.a(lib_a-memchr.o)
                              /usr/local/gcc-arm-none-eabi-5_2-2015q4/bin/../lib/gcc/arm-none-eabi/5.2.1/../../../../arm-none-eabi/lib/armv7e-m/libg_nano.a(lib_a-nano-svfprintf.o) (memchr)
/usr/local/gcc-arm-none-eabi-5_2-2015q4/bin/../lib/gcc/arm-none-eabi/5.2.1/../../../../arm-none-eabi/lib/armv7e-m/libg_nano.a(lib_a-memcpy-stub.o)
                              /usr/local/gcc-arm-none-eabi-5_2-2015q4/bin/../lib/gcc/arm-none-eabi/5.2.1/../../../../arm-none-eabi/lib/armv7e-m/libg_nano.a(lib_a-nano-svfprintf.o) (memcpy)
/usr/local/gcc-arm-none-eabi-5_2-2015q4/bin/../lib/gcc/arm-none-eabi/5.2.1/../../../../arm-none-eabi/lib/armv7e-m/libg_nano.a(lib_a-memmove.o)
                              /usr/local/gcc-arm-none-eabi-5_2-2015q4/bin/../lib/gcc/arm-none-eabi/5.2.1/../../../../arm-none-eabi/lib/armv7e-m/libg_nano.a(lib_a-nano-svfprintf.o) (memmove)
/usr/local/gcc-arm-none-eabi-5_2-2015q4/bin/../lib/gcc/arm-none-eabi/5.2.1/../../../../arm-none-eabi/lib/armv7e-m/libg_nano.a(lib_a-nano-freer.o)
                              /usr/local/gcc-arm-none-eabi-5_2-2015q4/bin/../lib/gcc/arm-none-eabi/5.2.1/../../../../arm-none-eabi/lib/armv7e-m/libg_nano.a(lib_a-nano-svfprintf.o) (_free_r)
/usr/local/gcc-arm-none-eabi-5_2-2015q4/bin/../lib/gcc/arm-none-eabi/5.2.1/../../../../arm-none-eabi/lib/armv7e-m/libg_nano.a(lib_a-nano-mallocr.o)
                              /usr/local/gcc-arm-none-eabi-5_2-2015q4/bin/../lib/gcc/arm-none-eabi/5.2.1/../../../../arm-none-eabi/lib/armv7e-m/libg_nano.a(lib_a-nano-svfprintf.o) (_malloc_r)
/usr/local/gcc-arm-none-eabi-5_2-2015q4/bin/../lib/gcc/arm-none-eabi/5.2.1/../../../../arm-none-eabi/lib/armv7e-m/libg_nano.a(lib_a-nano-reallocr.o)
                              /usr/local/gcc-arm-none-eabi-5_2-2015q4/bin/../lib/gcc/arm-none-eabi/5.2.1/../../../../arm-none-eabi/lib/armv7e-m/libg_nano.a(lib_a-nano-svfprintf.o) (_realloc_r)
/usr/local/gcc-arm-none-eabi-5_2-2015q4/bin/../lib/gcc/arm-none-eabi/5.2.1/../../../../arm-none-eabi/lib/armv7e-m/libg_nano.a(lib_a-sbrkr.o)
                              /usr/local/gcc-arm-none-eabi-5_2-2015q4/bin/../lib/gcc/arm-none-eabi/5.2.1/../../../../arm-none-eabi/lib/armv7e-m/libg_nano.a(lib_a-nano-mallocr.o) (_sbrk_r)
[...]
Memory Configuration

Name             Origin             Length             Attributes
RAM              0x0000000020000000 0x0000000000010000 xrw
CCMRAM           0x0000000010000000 0x0000000000000000 xrw
FLASH            0x0000000008000000 0x0000000000080000 xr
FLASHB1          0x0000000000000000 0x0000000000000000 xr
EXTMEMB0         0x0000000000000000 0x0000000000000000 xr
EXTMEMB1         0x0000000000000000 0x0000000000000000 xr
EXTMEMB2         0x0000000000000000 0x0000000000000000 xr
EXTMEMB3         0x0000000000000000 0x0000000000000000 xr
*default*        0x0000000000000000 0xffffffffffffffff

Linker script and memory map

LOAD ./system/src/stm32f4-hal/stm32f4xx_hal.o
LOAD ./system/src/stm32f4-hal/stm32f4xx_hal_cortex.o
LOAD ./system/src/stm32f4-hal/stm32f4xx_hal_flash.o
LOAD ./system/src/stm32f4-hal/stm32f4xx_hal_gpio.o
LOAD ./system/src/stm32f4-hal/stm32f4xx_hal_iwdg.o
LOAD ./system/src/stm32f4-hal/stm32f4xx_hal_pwr.o
LOAD ./system/src/stm32f4-hal/stm32f4xx_hal_rcc.o
LOAD ./system/src/stm32f4-hal/stm32f4xx_hal_uart.o
LOAD ./system/src/newlib/_cxx.o
LOAD ./system/src/newlib/_exit.o
LOAD ./system/src/newlib/_sbrk.o
LOAD ./system/src/newlib/_startup.o
LOAD ./system/src/newlib/_syscalls.o
LOAD ./system/src/newlib/assert.o
LOAD ./system/src/diag/Trace.o
LOAD ./system/src/diag/trace_impl.o
LOAD ./system/src/cortexm/_initialize_hardware.o
LOAD ./system/src/cortexm/_reset_hardware.o
LOAD ./system/src/cortexm/exception_handlers.o
LOAD ./system/src/cmsis/system_stm32f4xx.o
LOAD ./src/_initialize_hardware.o
LOAD ./src/_write.o
LOAD ./src/main.o
LOAD ./src/stm32f4xx_hal_msp.o
LOAD ./src/stm32f4xx_it.o
LOAD /usr/local/gcc-arm-none-eabi-5_2-2015q4/bin/../lib/gcc/arm-none-eabi/5.2.1/../../../../arm-none-eabi/lib/armv7e-m/libstdc++_nano.a
LOAD /usr/local/gcc-arm-none-eabi-5_2-2015q4/bin/../lib/gcc/arm-none-eabi/5.2.1/../../../../arm-none-eabi/lib/armv7e-m/libm.a
START GROUP
LOAD /usr/local/gcc-arm-none-eabi-5_2-2015q4/bin/../lib/gcc/arm-none-eabi/5.2.1/armv7e-m/libgcc.a
LOAD /usr/local/gcc-arm-none-eabi-5_2-2015q4/bin/../lib/gcc/arm-none-eabi/5.2.1/../../../../arm-none-eabi/lib/armv7e-m/libg_nano.a
LOAD /usr/local/gcc-arm-none-eabi-5_2-2015q4/bin/../lib/gcc/arm-none-eabi/5.2.1/../../../../arm-none-eabi/lib/armv7e-m/libc_nano.a
END GROUP
START GROUP
LOAD /usr/local/gcc-arm-none-eabi-5_2-2015q4/bin/../lib/gcc/arm-none-eabi/5.2.1/armv7e-m/libgcc.a
LOAD /usr/local/gcc-arm-none-eabi-5_2-2015q4/bin/../lib/gcc/arm-none-eabi/5.2.1/../../../../arm-none-eabi/lib/armv7e-m/libc_nano.a
END GROUP
                0x0000000020010000                __stack = (ORIGIN (RAM) + LENGTH (RAM))
                0x0000000020010000                _estack = __stack
                0x0000000000000400                __Main_Stack_Size = 0x400
                [!provide]                        PROVIDE (_Main_Stack_Size, __Main_Stack_Size)
                0x000000002000fc00                __Main_Stack_Limit = (__stack - __Main_Stack_Size)
                [!provide]                        PROVIDE (_Main_Stack_Limit, __Main_Stack_Limit)
                0x0000000000000100                _Minimum_Stack_Size = 0x100
                0x00000000200000dc                PROVIDE (_Heap_Begin, _end_noinit)
                0x000000002000fc00                PROVIDE (_Heap_Limit, (__stack - __Main_Stack_Size))

.isr_vector     0x0000000008000000      0x130
 FILL mask 0xff
                0x0000000008000000                __vectors_start = ABSOLUTE (.)
                0x0000000008000000                __vectors_start__ = ABSOLUTE (.)
 *(.isr_vector)
 *(.cfmconfig)
 *(.after_vectors .after_vectors.*)
 .after_vectors
                0x0000000008000000      0x130 ./system/src/newlib/_startup.o
                0x0000000008000000                _start

.inits          0x0000000008000130       0x28
                0x0000000008000130                __data_regions_array_start = .
                0x0000000008000130        0x4 LONG 0x80026d4 LOADADDR (.data)
                0x0000000008000134        0x4 LONG 0x20000000 ADDR (.data)
                0x0000000008000138        0x4 LONG 0x2000007c (ADDR (.data) + SIZEOF (.data))
                0x000000000800013c        0x4 LONG 0x80026d4 LOADADDR (.data_CCMRAM)
                0x0000000008000140        0x4 LONG 0x10000000 ADDR (.data_CCMRAM)
                0x0000000008000144        0x4 LONG 0x10000000 (ADDR (.data_CCMRAM) + SIZEOF (.data_CCMRAM))
                0x0000000008000148                __data_regions_array_end = .
                0x0000000008000148                __bss_regions_array_start = .
                0x0000000008000148        0x4 LONG 0x2000007c ADDR (.bss)
                0x000000000800014c        0x4 LONG 0x200000dc (ADDR (.bss) + SIZEOF (.bss))
                0x0000000008000150        0x4 LONG 0x10000000 ADDR (.bss_CCMRAM)
                0x0000000008000154        0x4 LONG 0x10000000 (ADDR (.bss_CCMRAM) + SIZEOF (.bss_CCMRAM))
                0x0000000008000158                __bss_regions_array_end = .
 *(.init)
 *(.fini)
                0x0000000008000158                . = ALIGN (0x4)
                0x0000000008000158                PROVIDE (__preinit_array_start, .)
 *(.preinit_array_sysinit .preinit_array_sysinit.*)
 *(.preinit_array_platform .preinit_array_platform.*)
 *(.preinit_array .preinit_array.*)
                0x0000000008000158                PROVIDE (__preinit_array_end, .)
                0x0000000008000158                . = ALIGN (0x4)
                0x0000000008000158                PROVIDE (__init_array_start, .)
 *(SORT(.init_array.*))
 *(.init_array)
                0x0000000008000158                PROVIDE (__init_array_end, .)
                0x0000000008000158                . = ALIGN (0x4)
                0x0000000008000158                PROVIDE (__fini_array_start, .)
 *(SORT(.fini_array.*))
 *(.fini_array)
                0x0000000008000158                PROVIDE (__fini_array_end, .)

.flashtext
 *(.flashtext .flashtext.*)

.text           0x0000000008000160     0x2572
 *(.text .text.*)
 .text.HAL_InitTick
                0x0000000008000160       0x28 ./system/src/stm32f4-hal/stm32f4xx_hal.o
                0x0000000008000160                HAL_InitTick
 .text.HAL_Init
                0x0000000008000188       0x34 ./system/src/stm32f4-hal/stm32f4xx_hal.o
                0x0000000008000188                HAL_Init
 .text.HAL_GetTick
                0x00000000080001bc        0xc ./system/src/stm32f4-hal/stm32f4xx_hal.o
                0x00000000080001bc                HAL_GetTick
 .text.HAL_NVIC_SetPriorityGrouping
                0x00000000080001c8       0x3c ./system/src/stm32f4-hal/stm32f4xx_hal_cortex.o
                0x00000000080001c8                HAL_NVIC_SetPriorityGrouping
 .text.HAL_NVIC_SetPriority
                0x0000000008000204       0x84 ./system/src/stm32f4-hal/stm32f4xx_hal_cortex.o
                0x0000000008000204                HAL_NVIC_SetPriority
 .text.HAL_SYSTICK_Config
                0x0000000008000288       0x2c ./system/src/stm32f4-hal/stm32f4xx_hal_cortex.o
                0x0000000008000288                HAL_SYSTICK_Config
 .text.HAL_SYSTICK_CLKSourceConfig
                0x00000000080002b4       0x38 ./system/src/stm32f4-hal/stm32f4xx_hal_cortex.o
                0x00000000080002b4                HAL_SYSTICK_CLKSourceConfig
 .text.HAL_GPIO_Init
                0x00000000080002ec      0x2c4 ./system/src/stm32f4-hal/stm32f4xx_hal_gpio.o
                0x00000000080002ec                HAL_GPIO_Init
 .text.HAL_GPIO_ReadPin
                0x00000000080005b0       0x24 ./system/src/stm32f4-hal/stm32f4xx_hal_gpio.o
                0x00000000080005b0                HAL_GPIO_ReadPin
 .text.HAL_GPIO_WritePin
                0x00000000080005d4       0x34 ./system/src/stm32f4-hal/stm32f4xx_hal_gpio.o
                0x00000000080005d4                HAL_GPIO_WritePin
 .text.HAL_GPIO_TogglePin
                0x0000000008000608       0x20 ./system/src/stm32f4-hal/stm32f4xx_hal_gpio.o
                0x0000000008000608                HAL_GPIO_TogglePin
 .text.HAL_RCC_OscConfig
                0x0000000008000628      0x448 ./system/src/stm32f4-hal/stm32f4xx_hal_rcc.o
                0x0000000008000628                HAL_RCC_OscConfig
 .text.HAL_RCC_ClockConfig
                0x0000000008000a70      0x22c ./system/src/stm32f4-hal/stm32f4xx_hal_rcc.o
                0x0000000008000a70                HAL_RCC_ClockConfig
 .text.HAL_RCC_GetSysClockFreq
                0x0000000008000c9c       0xa0 ./system/src/stm32f4-hal/stm32f4xx_hal_rcc.o
                0x0000000008000c9c                HAL_RCC_GetSysClockFreq
 .text.HAL_RCC_GetHCLKFreq
                0x0000000008000d3c       0x34 ./system/src/stm32f4-hal/stm32f4xx_hal_rcc.o
                0x0000000008000d3c                HAL_RCC_GetHCLKFreq
 .text.HAL_RCC_GetPCLK1Freq
                0x0000000008000d70       0x30 ./system/src/stm32f4-hal/stm32f4xx_hal_rcc.o
                0x0000000008000d70                HAL_RCC_GetPCLK1Freq
 .text.HAL_RCC_GetPCLK2Freq
                0x0000000008000da0       0x30 ./system/src/stm32f4-hal/stm32f4xx_hal_rcc.o
                0x0000000008000da0                HAL_RCC_GetPCLK2Freq
 .text.UART_SetConfig
                0x0000000008000dd0      0x390 ./system/src/stm32f4-hal/stm32f4xx_hal_uart.o
 .text.UART_WaitOnFlagUntilTimeout
                0x0000000008001160       0xdc ./system/src/stm32f4-hal/stm32f4xx_hal_uart.o
 .text.HAL_UART_Init
                0x000000000800123c       0xfc ./system/src/stm32f4-hal/stm32f4xx_hal_uart.o
                0x000000000800123c                HAL_UART_Init
 .text.HAL_UART_Transmit
                0x0000000008001338       0xc0 ./system/src/stm32f4-hal/stm32f4xx_hal_uart.o
                0x0000000008001338                HAL_UART_Transmit
 .text.HAL_UART_Receive
                0x00000000080013f8       0xc8 ./system/src/stm32f4-hal/stm32f4xx_hal_uart.o
                0x00000000080013f8                HAL_UART_Receive
 .text._exit    0x00000000080014c0        0x4 ./system/src/newlib/_exit.o
                0x00000000080014c0                _exit
 .text._sbrk    0x00000000080014c4       0x44 ./system/src/newlib/_sbrk.o
                0x00000000080014c4                _sbrk
 .text.__initialize_args
                0x0000000008001508       0x10 ./system/src/newlib/_syscalls.o
                0x0000000008001508                __initialize_args
 .text.__initialize_hardware_early
                0x0000000008001518       0x18 ./system/src/cortexm/_initialize_hardware.o
                0x0000000008001518                __initialize_hardware_early
 .text.SystemInit
                0x0000000008001530       0x40 ./system/src/cmsis/system_stm32f4xx.o
                0x0000000008001530                SystemInit
 .text.SystemCoreClockUpdate
                0x0000000008001570       0xa0 ./system/src/cmsis/system_stm32f4xx.o
                0x0000000008001570                SystemCoreClockUpdate
 .text.__initialize_hardware
                0x0000000008001610       0x10 ./src/_initialize_hardware.o
                0x0000000008001610                __initialize_hardware
 .text.MX_GPIO_Init
                0x0000000008001620       0xa0 ./src/main.o
 .text.MX_USART2_UART_Init
                0x00000000080016c0       0x2c ./src/main.o
 .text.printWelcomeMessage
                0x00000000080016ec       0x74 ./src/main.o
                0x00000000080016ec                printWelcomeMessage
 .text.readUserInput
                0x0000000008001760       0x40 ./src/main.o
                0x0000000008001760                readUserInput
 .text.processUserInput
                0x00000000080017a0       0xa4 ./src/main.o
                0x00000000080017a0                processUserInput
 .text.SystemClock_Config
                0x0000000008001844       0xa8 ./src/main.o
                0x0000000008001844                SystemClock_Config
 .text.main     0x00000000080018ec       0x44 ./src/main.o
                0x00000000080018ec                main
 .text.assert_failed
                0x0000000008001930        0x4 ./src/main.o
                0x0000000008001930                assert_failed
 .text.HAL_MspInit
                0x0000000008001934       0x18 ./src/stm32f4xx_hal_msp.o
                0x0000000008001934                HAL_MspInit
 .text.HAL_UART_MspInit
                0x000000000800194c       0x50 ./src/stm32f4xx_hal_msp.o
                0x000000000800194c                HAL_UART_MspInit
 .text.atoi     0x000000000800199c        0x8 /usr/local/gcc-arm-none-eabi-5_2-2015q4/bin/../lib/gcc/arm-none-eabi/5.2.1/../../../../arm-none-eabi/lib/armv7e-m/libg_nano.a(lib_a-atoi.o)
                0x000000000800199c                atoi
 .text.__errno  0x00000000080019a4        0xc /usr/local/gcc-arm-none-eabi-5_2-2015q4/bin/../lib/gcc/arm-none-eabi/5.2.1/../../../../arm-none-eabi/lib/armv7e-m/libg_nano.a(lib_a-errno.o)
                0x00000000080019a4                __errno
 .text.sprintf  0x00000000080019b0       0x48 /usr/local/gcc-arm-none-eabi-5_2-2015q4/bin/../lib/gcc/arm-none-eabi/5.2.1/../../../../arm-none-eabi/lib/armv7e-m/libg_nano.a(lib_a-sprintf.o)
                0x00000000080019b0                sprintf
                0x00000000080019b0                siprintf
 .text          0x00000000080019f8       0x10 /usr/local/gcc-arm-none-eabi-5_2-2015q4/bin/../lib/gcc/arm-none-eabi/5.2.1/../../../../arm-none-eabi/lib/armv7e-m/libg_nano.a(lib_a-strlen.o)
                0x00000000080019f8                strlen
 .text._strtol_r
                0x0000000008001a08      0x10c /usr/local/gcc-arm-none-eabi-5_2-2015q4/bin/../lib/gcc/arm-none-eabi/5.2.1/../../../../arm-none-eabi/lib/armv7e-m/libg_nano.a(lib_a-strtol.o)
                0x0000000008001a08                _strtol_r
 .text.strtol   0x0000000008001b14       0x14 /usr/local/gcc-arm-none-eabi-5_2-2015q4/bin/../lib/gcc/arm-none-eabi/5.2.1/../../../../arm-none-eabi/lib/armv7e-m/libg_nano.a(lib_a-strtol.o)
                0x0000000008001b14                strtol
 .text.__ssputs_r
                0x0000000008001b28       0xb2 /usr/local/gcc-arm-none-eabi-5_2-2015q4/bin/../lib/gcc/arm-none-eabi/5.2.1/../../../../arm-none-eabi/lib/armv7e-m/libg_nano.a(lib_a-nano-svfprintf.o)
                0x0000000008001b28                __ssputs_r
 *fill*         0x0000000008001bda        0x2 
 .text._svfprintf_r
                0x0000000008001bdc      0x1e8 /usr/local/gcc-arm-none-eabi-5_2-2015q4/bin/../lib/gcc/arm-none-eabi/5.2.1/../../../../arm-none-eabi/lib/armv7e-m/libg_nano.a(lib_a-nano-svfprintf.o)
                0x0000000008001bdc                _svfprintf_r
                0x0000000008001bdc                _svfiprintf_r
 .text._printf_common
                0x0000000008001dc4       0xec /usr/local/gcc-arm-none-eabi-5_2-2015q4/bin/../lib/gcc/arm-none-eabi/5.2.1/../../../../arm-none-eabi/lib/armv7e-m/libg_nano.a(lib_a-nano-vfprintf_i.o)
                0x0000000008001dc4                _printf_common
 .text._printf_i
                0x0000000008001eb0      0x24c /usr/local/gcc-arm-none-eabi-5_2-2015q4/bin/../lib/gcc/arm-none-eabi/5.2.1/../../../../arm-none-eabi/lib/armv7e-m/libg_nano.a(lib_a-nano-vfprintf_i.o)
                0x0000000008001eb0                _printf_i
 *fill*         0x00000000080020fc        0x4 
 .text          0x0000000008002100       0xa0 /usr/local/gcc-arm-none-eabi-5_2-2015q4/bin/../lib/gcc/arm-none-eabi/5.2.1/../../../../arm-none-eabi/lib/armv7e-m/libg_nano.a(lib_a-memchr.o)
                0x0000000008002100                memchr
 .text.memcpy   0x00000000080021a0       0x16 /usr/local/gcc-arm-none-eabi-5_2-2015q4/bin/../lib/gcc/arm-none-eabi/5.2.1/../../../../arm-none-eabi/lib/armv7e-m/libg_nano.a(lib_a-memcpy-stub.o)
                0x00000000080021a0                memcpy
 .text.memmove  0x00000000080021b6       0x36 /usr/local/gcc-arm-none-eabi-5_2-2015q4/bin/../lib/gcc/arm-none-eabi/5.2.1/../../../../arm-none-eabi/lib/armv7e-m/libg_nano.a(lib_a-memmove.o)
                0x00000000080021b6                memmove
 .text._free_r  0x00000000080021ec       0x8c /usr/local/gcc-arm-none-eabi-5_2-2015q4/bin/../lib/gcc/arm-none-eabi/5.2.1/../../../../arm-none-eabi/lib/armv7e-m/libg_nano.a(lib_a-nano-freer.o)
                0x00000000080021ec                _free_r
 .text._malloc_r
                0x0000000008002278       0xa8 /usr/local/gcc-arm-none-eabi-5_2-2015q4/bin/../lib/gcc/arm-none-eabi/5.2.1/../../../../arm-none-eabi/lib/armv7e-m/libg_nano.a(lib_a-nano-mallocr.o)
                0x0000000008002278                _malloc_r
 .text._realloc_r
                0x0000000008002320       0x4c /usr/local/gcc-arm-none-eabi-5_2-2015q4/bin/../lib/gcc/arm-none-eabi/5.2.1/../../../../arm-none-eabi/lib/armv7e-m/libg_nano.a(lib_a-nano-reallocr.o)
                0x0000000008002320                _realloc_r
 .text._sbrk_r  0x000000000800236c       0x20 /usr/local/gcc-arm-none-eabi-5_2-2015q4/bin/../lib/gcc/arm-none-eabi/5.2.1/../../../../arm-none-eabi/lib/armv7e-m/libg_nano.a(lib_a-sbrkr.o)
                0x000000000800236c                _sbrk_r
 .text._malloc_usable_size_r
                0x000000000800238c       0x14 /usr/local/gcc-arm-none-eabi-5_2-2015q4/bin/../lib/gcc/arm-none-eabi/5.2.1/../../../../arm-none-eabi/lib/armv7e-m/libg_nano.a(lib_a-nano-msizer.o)
                0x000000000800238c                _malloc_usable_size_r
 *(.rodata .rodata.* .constdata .constdata.*)
 .rodata.str1.4
                0x00000000080023a0       0x31 ./system/src/stm32f4-hal/stm32f4xx_hal_cortex.o
 *fill*         0x00000000080023d1        0x3 
 .rodata.str1.4
                0x00000000080023d4       0x2f ./system/src/stm32f4-hal/stm32f4xx_hal_gpio.o
 *fill*         0x0000000008002403        0x1 
 .rodata.APBAHBPrescTable
                0x0000000008002404       0x10 ./system/src/stm32f4-hal/stm32f4xx_hal_rcc.o
                0x0000000008002404                APBAHBPrescTable
 .rodata.str1.4
                0x0000000008002414       0x2e ./system/src/stm32f4-hal/stm32f4xx_hal_rcc.o
 *fill*         0x0000000008002442        0x2 
 .rodata.str1.4
                0x0000000008002444       0x2f ./system/src/stm32f4-hal/stm32f4xx_hal_uart.o
 *fill*         0x0000000008002473        0x1 
 .rodata.AHBPrescTable
                0x0000000008002474       0x10 ./system/src/cmsis/system_stm32f4xx.o
                0x0000000008002474                AHBPrescTable
 .rodata.str1.4
                0x0000000008002484      0x118 ./src/main.o
 .rodata.str1.1
                0x000000000800259c        0x2 /usr/local/gcc-arm-none-eabi-5_2-2015q4/bin/../lib/gcc/arm-none-eabi/5.2.1/../../../../arm-none-eabi/lib/armv7e-m/libg_nano.a(lib_a-impure.o)
 .rodata._ctype_
                0x000000000800259e      0x101 /usr/local/gcc-arm-none-eabi-5_2-2015q4/bin/../lib/gcc/arm-none-eabi/5.2.1/../../../../arm-none-eabi/lib/armv7e-m/libg_nano.a(lib_a-ctype_.o)
                0x000000000800259e                _ctype_
 .rodata.str1.1
                0x000000000800269f       0x11 /usr/local/gcc-arm-none-eabi-5_2-2015q4/bin/../lib/gcc/arm-none-eabi/5.2.1/../../../../arm-none-eabi/lib/armv7e-m/libg_nano.a(lib_a-nano-svfprintf.o)
 .rodata.str1.1
                0x00000000080026b0       0x22 /usr/local/gcc-arm-none-eabi-5_2-2015q4/bin/../lib/gcc/arm-none-eabi/5.2.1/../../../../arm-none-eabi/lib/armv7e-m/libg_nano.a(lib_a-nano-vfprintf_i.o)
 *(vtable)
 *(.eh_frame*)
 *(.glue_7)
 .glue_7        0x00000000080026d2        0x0 linker stubs
 *(.glue_7t)
 .glue_7t       0x00000000080026d2        0x0 linker stubs

.vfp11_veneer   0x00000000080026d4        0x0
 .vfp11_veneer  0x00000000080026d4        0x0 linker stubs

.v4_bx          0x00000000080026d4        0x0
 .v4_bx         0x00000000080026d4        0x0 linker stubs

.iplt           0x00000000080026d4        0x0
 .iplt          0x00000000080026d4        0x0 ./system/src/stm32f4-hal/stm32f4xx_hal.o

.rel.dyn        0x00000000080026d4        0x0
 .rel.iplt      0x00000000080026d4        0x0 ./system/src/stm32f4-hal/stm32f4xx_hal.o

.ARM.extab
 *(.ARM.extab* .gnu.linkonce.armextab.*)
                0x00000000080026d4                . = ALIGN (0x4)
                0x00000000080026d4                __exidx_start = .

.ARM.exidx
 *(.ARM.exidx* .gnu.linkonce.armexidx.*)
                0x00000000080026d4                __exidx_end = .
                0x00000000080026d4                . = ALIGN (0x4)
                0x00000000080026d4                _etext = .
                0x00000000080026d4                __etext = .

.data_CCMRAM    0x0000000010000000        0x0 load address 0x00000000080026d4
 FILL mask 0xff
 *(.data.CCMRAM .data.CCMRAM.*)
                0x0000000010000000                . = ALIGN (0x4)
                0x00000000080026d4                _sidata = LOADADDR (.data)

.data           0x0000000020000000       0x7c load address 0x00000000080026d4
 FILL mask 0xff
                0x0000000020000000                _sdata = .
                0x0000000020000000                __data_start__ = .
 *(.data_begin .data_begin.*)
 .data_begin    0x0000000020000000        0x4 ./system/src/newlib/_startup.o
 *(.data .data.*)
 .data.argv.4231
                0x0000000020000004        0x8 ./system/src/newlib/_syscalls.o
 .data.SystemCoreClock
                0x000000002000000c        0x4 ./system/src/cmsis/system_stm32f4xx.o
                0x000000002000000c                SystemCoreClock
 .data.impure_data
                0x0000000020000010       0x60 /usr/local/gcc-arm-none-eabi-5_2-2015q4/bin/../lib/gcc/arm-none-eabi/5.2.1/../../../../arm-none-eabi/lib/armv7e-m/libg_nano.a(lib_a-impure.o)
 .data._impure_ptr
                0x0000000020000070        0x4 /usr/local/gcc-arm-none-eabi-5_2-2015q4/bin/../lib/gcc/arm-none-eabi/5.2.1/../../../../arm-none-eabi/lib/armv7e-m/libg_nano.a(lib_a-impure.o)
                0x0000000020000070                _impure_ptr
 .data.__ctype_ptr__
                0x0000000020000074        0x4 /usr/local/gcc-arm-none-eabi-5_2-2015q4/bin/../lib/gcc/arm-none-eabi/5.2.1/../../../../arm-none-eabi/lib/armv7e-m/libg_nano.a(lib_a-ctype_.o)
                0x0000000020000074                __ctype_ptr__
 *(.data_end .data_end.*)
 .data_end      0x0000000020000078        0x4 ./system/src/newlib/_startup.o
                0x000000002000007c                . = ALIGN (0x4)
                0x000000002000007c                _edata = .
                0x000000002000007c                __data_end__ = .

.igot.plt       0x000000002000007c        0x0 load address 0x0000000008002750
 .igot.plt      0x000000002000007c        0x0 ./system/src/stm32f4-hal/stm32f4xx_hal.o

.bss_CCMRAM     0x0000000010000000        0x0
 *(.bss.CCMRAM .bss.CCMRAM.*)

.bss            0x000000002000007c       0x60
                0x000000002000007c                __bss_start__ = .
                0x000000002000007c                _sbss = .
 *(.bss_begin .bss_begin.*)
 .bss_begin     0x000000002000007c        0x4 ./system/src/newlib/_startup.o
 *(.bss .bss.*)
 .bss.current_heap_end.3942
                0x0000000020000080        0x4 ./system/src/newlib/_sbrk.o
 .bss.name.4230
                0x0000000020000084        0x1 ./system/src/newlib/_syscalls.o
 *fill*         0x0000000020000085        0x3 
 .bss.__malloc_sbrk_start
                0x0000000020000088        0x4 /usr/local/gcc-arm-none-eabi-5_2-2015q4/bin/../lib/gcc/arm-none-eabi/5.2.1/../../../../arm-none-eabi/lib/armv7e-m/libg_nano.a(lib_a-nano-mallocr.o)
                0x0000000020000088                __malloc_sbrk_start
 .bss.__malloc_free_list
                0x000000002000008c        0x4 /usr/local/gcc-arm-none-eabi-5_2-2015q4/bin/../lib/gcc/arm-none-eabi/5.2.1/../../../../arm-none-eabi/lib/armv7e-m/libg_nano.a(lib_a-nano-mallocr.o)
                0x000000002000008c                __malloc_free_list
 *(COMMON)
 COMMON         0x0000000020000090        0x4 ./system/src/stm32f4-hal/stm32f4xx_hal.o
                0x0000000020000090                uwTick
 COMMON         0x0000000020000094        0x4 ./system/src/newlib/_syscalls.o
                0x0000000020000094                errno
 COMMON         0x0000000020000098       0x40 ./src/main.o
                0x0000000020000098                huart2
 *(.bss_end .bss_end.*)
 .bss_end       0x00000000200000d8        0x4 ./system/src/newlib/_startup.o
                0x00000000200000dc                . = ALIGN (0x4)
                0x00000000200000dc                __bss_end__ = .
                0x00000000200000dc                _ebss = .

.noinit_CCMRAM
 *(.noinit.CCMRAM .noinit.CCMRAM.*)

.noinit         0x00000000200000dc        0x0
                0x00000000200000dc                _noinit = .
 *(.noinit .noinit.*)
                0x00000000200000dc                . = ALIGN (0x4)
                0x00000000200000dc                _end_noinit = .
                [!provide]                        PROVIDE (end, _end_noinit)
                [!provide]                        PROVIDE (_end, _end_noinit)
                [!provide]                        PROVIDE (__end, _end_noinit)
                [!provide]                        PROVIDE (__end__, _end_noinit)

._check_stack   0x00000000200000dc      0x100
                0x00000000200001dc                . = (. + _Minimum_Stack_Size)
 *fill*         0x00000000200000dc      0x100 

.b1text
 *(.b1text)
 *(.b1rodata)
 *(.b1rodata.*)

.eb0text
 *(.eb0text)
 *(.eb0rodata)
 *(.eb0rodata.*)

.eb1text
 *(.eb1text)
 *(.eb1rodata)
 *(.eb1rodata.*)

.eb2text
 *(.eb2text)
 *(.eb2rodata)
 *(.eb2rodata.*)

.eb3text
 *(.eb3text)
 *(.eb3rodata)
 *(.eb3rodata.*)

.stab
 *(.stab)

.stabstr
 *(.stabstr)

.stab.excl
 *(.stab.excl)

.stab.exclstr
 *(.stab.exclstr)

.stab.index
 *(.stab.index)

.stab.indexstr
 *(.stab.indexstr)

.comment        0x0000000000000000       0x6e
 *(.comment)
 .comment       0x0000000000000000       0x6e ./system/src/stm32f4-hal/stm32f4xx_hal.o
                                         0x6f (size before relaxing)
 .comment       0x000000000000006e       0x6f ./system/src/stm32f4-hal/stm32f4xx_hal_cortex.o
 .comment       0x000000000000006e       0x6f ./system/src/stm32f4-hal/stm32f4xx_hal_gpio.o
 .comment       0x000000000000006e       0x6f ./system/src/stm32f4-hal/stm32f4xx_hal_rcc.o
 .comment       0x000000000000006e       0x6f ./system/src/stm32f4-hal/stm32f4xx_hal_uart.o
 .comment       0x000000000000006e       0x6f ./system/src/newlib/_exit.o
 .comment       0x000000000000006e       0x6f ./system/src/newlib/_sbrk.o
 .comment       0x000000000000006e       0x6f ./system/src/newlib/_startup.o
 .comment       0x000000000000006e       0x6f ./system/src/newlib/_syscalls.o
 .comment       0x000000000000006e       0x6f ./system/src/cortexm/_initialize_hardware.o
 .comment       0x000000000000006e       0x6f ./system/src/cmsis/system_stm32f4xx.o
 .comment       0x000000000000006e       0x6f ./src/_initialize_hardware.o
 .comment       0x000000000000006e       0x6f ./src/main.o
 .comment       0x000000000000006e       0x6f ./src/stm32f4xx_hal_msp.o

.ARM.attributes
                0x0000000000000000       0x31
 .ARM.attributes
                0x0000000000000000       0x33 ./system/src/stm32f4-hal/stm32f4xx_hal.o
 .ARM.attributes
                0x0000000000000033       0x33 ./system/src/stm32f4-hal/stm32f4xx_hal_cortex.o
 .ARM.attributes
                0x0000000000000066       0x33 ./system/src/stm32f4-hal/stm32f4xx_hal_gpio.o
 .ARM.attributes
                0x0000000000000099       0x33 ./system/src/stm32f4-hal/stm32f4xx_hal_rcc.o
 .ARM.attributes
                0x00000000000000cc       0x33 ./system/src/stm32f4-hal/stm32f4xx_hal_uart.o
 .ARM.attributes
                0x00000000000000ff       0x33 ./system/src/newlib/_exit.o
 .ARM.attributes
                0x0000000000000132       0x33 ./system/src/newlib/_sbrk.o
 .ARM.attributes
                0x0000000000000165       0x33 ./system/src/newlib/_startup.o
 .ARM.attributes
                0x0000000000000198       0x33 ./system/src/newlib/_syscalls.o
 .ARM.attributes
                0x00000000000001cb       0x33 ./system/src/cortexm/_initialize_hardware.o
 .ARM.attributes
                0x00000000000001fe       0x33 ./system/src/cmsis/system_stm32f4xx.o
 .ARM.attributes
                0x0000000000000231       0x33 ./src/_initialize_hardware.o
 .ARM.attributes
                0x0000000000000264       0x33 ./src/main.o
 .ARM.attributes
                0x0000000000000297       0x33 ./src/stm32f4xx_hal_msp.o
 .ARM.attributes
                0x00000000000002ca       0x2e /usr/local/gcc-arm-none-eabi-5_2-2015q4/bin/../lib/gcc/arm-none-eabi/5.2.1/../../../../arm-none-eabi/lib/armv7e-m/libg_nano.a(lib_a-atoi.o)
 .ARM.attributes
                0x00000000000002f8       0x2e /usr/local/gcc-arm-none-eabi-5_2-2015q4/bin/../lib/gcc/arm-none-eabi/5.2.1/../../../../arm-none-eabi/lib/armv7e-m/libg_nano.a(lib_a-errno.o)
 .ARM.attributes
                0x0000000000000326       0x2e /usr/local/gcc-arm-none-eabi-5_2-2015q4/bin/../lib/gcc/arm-none-eabi/5.2.1/../../../../arm-none-eabi/lib/armv7e-m/libg_nano.a(lib_a-impure.o)
 .ARM.attributes
                0x0000000000000354       0x2e /usr/local/gcc-arm-none-eabi-5_2-2015q4/bin/../lib/gcc/arm-none-eabi/5.2.1/../../../../arm-none-eabi/lib/armv7e-m/libg_nano.a(lib_a-sprintf.o)
 .ARM.attributes
                0x0000000000000382       0x17 /usr/local/gcc-arm-none-eabi-5_2-2015q4/bin/../lib/gcc/arm-none-eabi/5.2.1/../../../../arm-none-eabi/lib/armv7e-m/libg_nano.a(lib_a-strlen.o)
 .ARM.attributes
                0x0000000000000399       0x2e /usr/local/gcc-arm-none-eabi-5_2-2015q4/bin/../lib/gcc/arm-none-eabi/5.2.1/../../../../arm-none-eabi/lib/armv7e-m/libg_nano.a(lib_a-strtol.o)
 .ARM.attributes
                0x00000000000003c7       0x2e /usr/local/gcc-arm-none-eabi-5_2-2015q4/bin/../lib/gcc/arm-none-eabi/5.2.1/../../../../arm-none-eabi/lib/armv7e-m/libg_nano.a(lib_a-ctype_.o)
 .ARM.attributes
                0x00000000000003f5       0x2e /usr/local/gcc-arm-none-eabi-5_2-2015q4/bin/../lib/gcc/arm-none-eabi/5.2.1/../../../../arm-none-eabi/lib/armv7e-m/libg_nano.a(lib_a-nano-svfprintf.o)
 .ARM.attributes
                0x0000000000000423       0x2e /usr/local/gcc-arm-none-eabi-5_2-2015q4/bin/../lib/gcc/arm-none-eabi/5.2.1/../../../../arm-none-eabi/lib/armv7e-m/libg_nano.a(lib_a-nano-vfprintf_i.o)
 .ARM.attributes
                0x0000000000000451       0x1c /usr/local/gcc-arm-none-eabi-5_2-2015q4/bin/../lib/gcc/arm-none-eabi/5.2.1/../../../../arm-none-eabi/lib/armv7e-m/libg_nano.a(lib_a-memchr.o)
 .ARM.attributes
                0x000000000000046d       0x2e /usr/local/gcc-arm-none-eabi-5_2-2015q4/bin/../lib/gcc/arm-none-eabi/5.2.1/../../../../arm-none-eabi/lib/armv7e-m/libg_nano.a(lib_a-memcpy-stub.o)
 .ARM.attributes
                0x000000000000049b       0x2e /usr/local/gcc-arm-none-eabi-5_2-2015q4/bin/../lib/gcc/arm-none-eabi/5.2.1/../../../../arm-none-eabi/lib/armv7e-m/libg_nano.a(lib_a-memmove.o)
 .ARM.attributes
                0x00000000000004c9       0x2e /usr/local/gcc-arm-none-eabi-5_2-2015q4/bin/../lib/gcc/arm-none-eabi/5.2.1/../../../../arm-none-eabi/lib/armv7e-m/libg_nano.a(lib_a-nano-freer.o)
 .ARM.attributes
                0x00000000000004f7       0x2e /usr/local/gcc-arm-none-eabi-5_2-2015q4/bin/../lib/gcc/arm-none-eabi/5.2.1/../../../../arm-none-eabi/lib/armv7e-m/libg_nano.a(lib_a-nano-mallocr.o)
 .ARM.attributes
                0x0000000000000525       0x2e /usr/local/gcc-arm-none-eabi-5_2-2015q4/bin/../lib/gcc/arm-none-eabi/5.2.1/../../../../arm-none-eabi/lib/armv7e-m/libg_nano.a(lib_a-nano-reallocr.o)
 .ARM.attributes
                0x0000000000000553       0x2e /usr/local/gcc-arm-none-eabi-5_2-2015q4/bin/../lib/gcc/arm-none-eabi/5.2.1/../../../../arm-none-eabi/lib/armv7e-m/libg_nano.a(lib_a-sbrkr.o)
 .ARM.attributes
                0x0000000000000581       0x2e /usr/local/gcc-arm-none-eabi-5_2-2015q4/bin/../lib/gcc/arm-none-eabi/5.2.1/../../../../arm-none-eabi/lib/armv7e-m/libg_nano.a(lib_a-nano-msizer.o)

.debug
 *(.debug)

.line
 *(.line)

.debug_srcinfo
 *(.debug_srcinfo)

.debug_sfnames
 *(.debug_sfnames)

.debug_aranges  0x0000000000000000      0x540
 *(.debug_aranges)
 .debug_aranges
                0x0000000000000000       0xc0 ./system/src/stm32f4-hal/stm32f4xx_hal.o
 .debug_aranges
                0x00000000000000c0       0x98 ./system/src/stm32f4-hal/stm32f4xx_hal_cortex.o
 .debug_aranges
                0x0000000000000158       0x58 ./system/src/stm32f4-hal/stm32f4xx_hal_gpio.o
 .debug_aranges
                0x00000000000001b0       0x88 ./system/src/stm32f4-hal/stm32f4xx_hal_rcc.o
 .debug_aranges
                0x0000000000000238      0x150 ./system/src/stm32f4-hal/stm32f4xx_hal_uart.o
 .debug_aranges
                0x0000000000000388       0x28 ./system/src/newlib/_exit.o
 .debug_aranges
                0x00000000000003b0       0x20 ./system/src/newlib/_sbrk.o
 .debug_aranges
                0x00000000000003d0       0x40 ./system/src/newlib/_startup.o
 .debug_aranges
                0x0000000000000410       0x30 ./system/src/newlib/_syscalls.o
 .debug_aranges
                0x0000000000000440       0x28 ./system/src/cortexm/_initialize_hardware.o
 .debug_aranges
                0x0000000000000468       0x28 ./system/src/cmsis/system_stm32f4xx.o
 .debug_aranges
                0x0000000000000490       0x28 ./src/_initialize_hardware.o
 .debug_aranges
                0x00000000000004b8       0x58 ./src/main.o
 .debug_aranges
                0x0000000000000510       0x30 ./src/stm32f4xx_hal_msp.o

.debug_pubnames
 *(.debug_pubnames)

.debug_info     0x0000000000000000     0x75b4
 *(.debug_info .gnu.linkonce.wi.*)
 .debug_info    0x0000000000000000      0x857 ./system/src/stm32f4-hal/stm32f4xx_hal.o
 .debug_info    0x0000000000000857     0x1065 ./system/src/stm32f4-hal/stm32f4xx_hal_cortex.o
 .debug_info    0x00000000000018bc      0x86a ./system/src/stm32f4-hal/stm32f4xx_hal_gpio.o
 .debug_info    0x0000000000002126      0xf3d ./system/src/stm32f4-hal/stm32f4xx_hal_rcc.o
 .debug_info    0x0000000000003063     0x14d0 ./system/src/stm32f4-hal/stm32f4xx_hal_uart.o
 .debug_info    0x0000000000004533       0xee ./system/src/newlib/_exit.o
 .debug_info    0x0000000000004621      0x11f ./system/src/newlib/_sbrk.o
 .debug_info    0x0000000000004740      0x4ef ./system/src/newlib/_startup.o
 .debug_info    0x0000000000004c2f      0x1bc ./system/src/newlib/_syscalls.o
 .debug_info    0x0000000000004deb      0x2b5 ./system/src/cortexm/_initialize_hardware.o
 .debug_info    0x00000000000050a0      0x4a5 ./system/src/cmsis/system_stm32f4xx.o
 .debug_info    0x0000000000005545      0x4fb ./src/_initialize_hardware.o
 .debug_info    0x0000000000005a40     0x112e ./src/main.o
 .debug_info    0x0000000000006b6e      0xa46 ./src/stm32f4xx_hal_msp.o

.debug_abbrev   0x0000000000000000     0x17e8
 *(.debug_abbrev)
 .debug_abbrev  0x0000000000000000      0x24f ./system/src/stm32f4-hal/stm32f4xx_hal.o
 .debug_abbrev  0x000000000000024f      0x324 ./system/src/stm32f4-hal/stm32f4xx_hal_cortex.o
 .debug_abbrev  0x0000000000000573      0x204 ./system/src/stm32f4-hal/stm32f4xx_hal_gpio.o
 .debug_abbrev  0x0000000000000777      0x2b8 ./system/src/stm32f4-hal/stm32f4xx_hal_rcc.o
 .debug_abbrev  0x0000000000000a2f      0x248 ./system/src/stm32f4-hal/stm32f4xx_hal_uart.o
 .debug_abbrev  0x0000000000000c77       0xbd ./system/src/newlib/_exit.o
 .debug_abbrev  0x0000000000000d34       0xb9 ./system/src/newlib/_sbrk.o
 .debug_abbrev  0x0000000000000ded      0x1d4 ./system/src/newlib/_startup.o
 .debug_abbrev  0x0000000000000fc1       0xec ./system/src/newlib/_syscalls.o
 .debug_abbrev  0x00000000000010ad       0xea ./system/src/cortexm/_initialize_hardware.o
 .debug_abbrev  0x0000000000001197      0x104 ./system/src/cmsis/system_stm32f4xx.o
 .debug_abbrev  0x000000000000129b      0x14c ./src/_initialize_hardware.o
 .debug_abbrev  0x00000000000013e7      0x261 ./src/main.o
 .debug_abbrev  0x0000000000001648      0x1a0 ./src/stm32f4xx_hal_msp.o

.debug_line     0x0000000000000000     0x54fa
 *(.debug_line)
 .debug_line    0x0000000000000000      0x6cd ./system/src/stm32f4-hal/stm32f4xx_hal.o
 .debug_line    0x00000000000006cd      0x7b0 ./system/src/stm32f4-hal/stm32f4xx_hal_cortex.o
 .debug_line    0x0000000000000e7d      0x7e7 ./system/src/stm32f4-hal/stm32f4xx_hal_gpio.o
 .debug_line    0x0000000000001664      0x97f ./system/src/stm32f4-hal/stm32f4xx_hal_rcc.o
 .debug_line    0x0000000000001fe3      0xd57 ./system/src/stm32f4-hal/stm32f4xx_hal_uart.o
 .debug_line    0x0000000000002d3a      0x2c9 ./system/src/newlib/_exit.o
 .debug_line    0x0000000000003003      0x27c ./system/src/newlib/_sbrk.o
 .debug_line    0x000000000000327f      0x344 ./system/src/newlib/_startup.o
 .debug_line    0x00000000000035c3      0x36e ./system/src/newlib/_syscalls.o
 .debug_line    0x0000000000003931      0x571 ./system/src/cortexm/_initialize_hardware.o
 .debug_line    0x0000000000003ea2      0x571 ./system/src/cmsis/system_stm32f4xx.o
 .debug_line    0x0000000000004413      0x56c ./src/_initialize_hardware.o
 .debug_line    0x000000000000497f      0x611 ./src/main.o
 .debug_line    0x0000000000004f90      0x56a ./src/stm32f4xx_hal_msp.o

.debug_frame    0x0000000000000000      0xf5c
 *(.debug_frame)
 .debug_frame   0x0000000000000000      0x188 ./system/src/stm32f4-hal/stm32f4xx_hal.o
 .debug_frame   0x0000000000000188      0x17c ./system/src/stm32f4-hal/stm32f4xx_hal_cortex.o
 .debug_frame   0x0000000000000304       0xf8 ./system/src/stm32f4-hal/stm32f4xx_hal_gpio.o
 .debug_frame   0x00000000000003fc      0x158 ./system/src/stm32f4-hal/stm32f4xx_hal_rcc.o
 .debug_frame   0x0000000000000554      0x39c ./system/src/stm32f4-hal/stm32f4xx_hal_uart.o
 .debug_frame   0x00000000000008f0       0x38 ./system/src/newlib/_exit.o
 .debug_frame   0x0000000000000928       0x28 ./system/src/newlib/_sbrk.o
 .debug_frame   0x0000000000000950       0x7c ./system/src/newlib/_startup.o
 .debug_frame   0x00000000000009cc       0x50 ./system/src/newlib/_syscalls.o
 .debug_frame   0x0000000000000a1c       0x40 ./system/src/cortexm/_initialize_hardware.o
 .debug_frame   0x0000000000000a5c       0x30 ./system/src/cmsis/system_stm32f4xx.o
 .debug_frame   0x0000000000000a8c       0x4c ./src/_initialize_hardware.o
 .debug_frame   0x0000000000000ad8      0x100 ./src/main.o
 .debug_frame   0x0000000000000bd8       0x60 ./src/stm32f4xx_hal_msp.o
 .debug_frame   0x0000000000000c38       0x30 /usr/local/gcc-arm-none-eabi-5_2-2015q4/bin/../lib/gcc/arm-none-eabi/5.2.1/../../../../arm-none-eabi/lib/armv7e-m/libg_nano.a(lib_a-atoi.o)
 .debug_frame   0x0000000000000c68       0x20 /usr/local/gcc-arm-none-eabi-5_2-2015q4/bin/../lib/gcc/arm-none-eabi/5.2.1/../../../../arm-none-eabi/lib/armv7e-m/libg_nano.a(lib_a-errno.o)
 .debug_frame   0x0000000000000c88       0x70 /usr/local/gcc-arm-none-eabi-5_2-2015q4/bin/../lib/gcc/arm-none-eabi/5.2.1/../../../../arm-none-eabi/lib/armv7e-m/libg_nano.a(lib_a-sprintf.o)
 .debug_frame   0x0000000000000cf8       0x44 /usr/local/gcc-arm-none-eabi-5_2-2015q4/bin/../lib/gcc/arm-none-eabi/5.2.1/../../../../arm-none-eabi/lib/armv7e-m/libg_nano.a(lib_a-strtol.o)
 .debug_frame   0x0000000000000d3c       0x90 /usr/local/gcc-arm-none-eabi-5_2-2015q4/bin/../lib/gcc/arm-none-eabi/5.2.1/../../../../arm-none-eabi/lib/armv7e-m/libg_nano.a(lib_a-nano-svfprintf.o)
 .debug_frame   0x0000000000000dcc       0x60 /usr/local/gcc-arm-none-eabi-5_2-2015q4/bin/../lib/gcc/arm-none-eabi/5.2.1/../../../../arm-none-eabi/lib/armv7e-m/libg_nano.a(lib_a-nano-vfprintf_i.o)
 .debug_frame   0x0000000000000e2c       0x28 /usr/local/gcc-arm-none-eabi-5_2-2015q4/bin/../lib/gcc/arm-none-eabi/5.2.1/../../../../arm-none-eabi/lib/armv7e-m/libg_nano.a(lib_a-memcpy-stub.o)
 .debug_frame   0x0000000000000e54       0x28 /usr/local/gcc-arm-none-eabi-5_2-2015q4/bin/../lib/gcc/arm-none-eabi/5.2.1/../../../../arm-none-eabi/lib/armv7e-m/libg_nano.a(lib_a-memmove.o)
 .debug_frame   0x0000000000000e7c       0x2c /usr/local/gcc-arm-none-eabi-5_2-2015q4/bin/../lib/gcc/arm-none-eabi/5.2.1/../../../../arm-none-eabi/lib/armv7e-m/libg_nano.a(lib_a-nano-freer.o)
 .debug_frame   0x0000000000000ea8       0x2c /usr/local/gcc-arm-none-eabi-5_2-2015q4/bin/../lib/gcc/arm-none-eabi/5.2.1/../../../../arm-none-eabi/lib/armv7e-m/libg_nano.a(lib_a-nano-mallocr.o)
 .debug_frame   0x0000000000000ed4       0x3c /usr/local/gcc-arm-none-eabi-5_2-2015q4/bin/../lib/gcc/arm-none-eabi/5.2.1/../../../../arm-none-eabi/lib/armv7e-m/libg_nano.a(lib_a-nano-reallocr.o)
 .debug_frame   0x0000000000000f10       0x2c /usr/local/gcc-arm-none-eabi-5_2-2015q4/bin/../lib/gcc/arm-none-eabi/5.2.1/../../../../arm-none-eabi/lib/armv7e-m/libg_nano.a(lib_a-sbrkr.o)
 .debug_frame   0x0000000000000f3c       0x20 /usr/local/gcc-arm-none-eabi-5_2-2015q4/bin/../lib/gcc/arm-none-eabi/5.2.1/../../../../arm-none-eabi/lib/armv7e-m/libg_nano.a(lib_a-nano-msizer.o)

.debug_str      0x0000000000000000    0x5b861
 *(.debug_str)
 .debug_str     0x0000000000000000    0x57da7 ./system/src/stm32f4-hal/stm32f4xx_hal.o
                                      0x581a5 (size before relaxing)
 .debug_str     0x0000000000057da7      0x397 ./system/src/stm32f4-hal/stm32f4xx_hal_cortex.o
                                      0x58019 (size before relaxing)
 .debug_str     0x000000000005813e      0x2dd ./system/src/stm32f4-hal/stm32f4xx_hal_gpio.o
                                      0x57b89 (size before relaxing)
 .debug_str     0x000000000005841b      0x394 ./system/src/stm32f4-hal/stm32f4xx_hal_rcc.o
                                      0x57d27 (size before relaxing)
 .debug_str     0x00000000000587af      0x7c9 ./system/src/stm32f4-hal/stm32f4xx_hal_uart.o
                                      0x58003 (size before relaxing)
 .debug_str     0x0000000000058f78     0x1090 ./system/src/newlib/_exit.o
                                       0x69d9 (size before relaxing)
 .debug_str     0x000000000005a008      0x4de ./system/src/newlib/_sbrk.o
                                       0x5dea (size before relaxing)
 .debug_str     0x000000000005a4e6      0x2cc ./system/src/newlib/_startup.o
                                       0x59eb (size before relaxing)
 .debug_str     0x000000000005a7b2      0xe06 ./system/src/newlib/_syscalls.o
                                       0x6c32 (size before relaxing)
 .debug_str     0x000000000005b5b8       0x77 ./system/src/cortexm/_initialize_hardware.o
                                      0x57834 (size before relaxing)
 .debug_str     0x000000000005b62f       0x46 ./system/src/cmsis/system_stm32f4xx.o
                                      0x5791d (size before relaxing)
 .debug_str     0x000000000005b675       0x31 ./src/_initialize_hardware.o
                                      0x57a1b (size before relaxing)
 .debug_str     0x000000000005b6a6      0x1a0 ./src/main.o
                                      0x58476 (size before relaxing)
 .debug_str     0x000000000005b846       0x1b ./src/stm32f4xx_hal_msp.o
                                      0x5811a (size before relaxing)

.debug_loc      0x0000000000000000     0x25e2
 *(.debug_loc)
 .debug_loc     0x0000000000000000       0x92 ./system/src/stm32f4-hal/stm32f4xx_hal.o
 .debug_loc     0x0000000000000092      0x580 ./system/src/stm32f4-hal/stm32f4xx_hal_cortex.o
 .debug_loc     0x0000000000000612      0x4bb ./system/src/stm32f4-hal/stm32f4xx_hal_gpio.o
 .debug_loc     0x0000000000000acd      0x57a ./system/src/stm32f4-hal/stm32f4xx_hal_rcc.o
 .debug_loc     0x0000000000001047      0xf70 ./system/src/stm32f4-hal/stm32f4xx_hal_uart.o
 .debug_loc     0x0000000000001fb7       0x82 ./system/src/newlib/_sbrk.o
 .debug_loc     0x0000000000002039      0x36e ./system/src/newlib/_startup.o
 .debug_loc     0x00000000000023a7       0x63 ./system/src/newlib/_syscalls.o
 .debug_loc     0x000000000000240a      0x132 ./system/src/cmsis/system_stm32f4xx.o
 .debug_loc     0x000000000000253c       0x59 ./src/main.o
 .debug_loc     0x0000000000002595       0x4d ./src/stm32f4xx_hal_msp.o

.debug_macinfo
 *(.debug_macinfo)

.debug_weaknames
 *(.debug_weaknames)

.debug_funcnames
 *(.debug_funcnames)

.debug_typenames
 *(.debug_typenames)

.debug_varnames
 *(.debug_varnames)
OUTPUT(UART2.elf elf32-littlearm)

.debug_ranges   0x0000000000000000      0x460
 .debug_ranges  0x0000000000000000       0xb0 ./system/src/stm32f4-hal/stm32f4xx_hal.o
 .debug_ranges  0x00000000000000b0       0x88 ./system/src/stm32f4-hal/stm32f4xx_hal_cortex.o
 .debug_ranges  0x0000000000000138       0x48 ./system/src/stm32f4-hal/stm32f4xx_hal_gpio.o
 .debug_ranges  0x0000000000000180       0x78 ./system/src/stm32f4-hal/stm32f4xx_hal_rcc.o
 .debug_ranges  0x00000000000001f8      0x140 ./system/src/stm32f4-hal/stm32f4xx_hal_uart.o
 .debug_ranges  0x0000000000000338       0x18 ./system/src/newlib/_exit.o
 .debug_ranges  0x0000000000000350       0x10 ./system/src/newlib/_sbrk.o
 .debug_ranges  0x0000000000000360       0x30 ./system/src/newlib/_startup.o
 .debug_ranges  0x0000000000000390       0x20 ./system/src/newlib/_syscalls.o
 .debug_ranges  0x00000000000003b0       0x18 ./system/src/cortexm/_initialize_hardware.o
 .debug_ranges  0x00000000000003c8       0x18 ./system/src/cmsis/system_stm32f4xx.o
 .debug_ranges  0x00000000000003e0       0x18 ./src/_initialize_hardware.o
 .debug_ranges  0x00000000000003f8       0x48 ./src/main.o
 .debug_ranges  0x0000000000000440       0x20 ./src/stm32f4xx_hal_msp.o

.debug_macro    0x0000000000000000    0x1003f
 .debug_macro   0x0000000000000000      0x2fe ./system/src/stm32f4-hal/stm32f4xx_hal.o
 .debug_macro   0x00000000000002fe      0x88c ./system/src/stm32f4-hal/stm32f4xx_hal.o
 .debug_macro   0x0000000000000b8a       0x4c ./system/src/stm32f4-hal/stm32f4xx_hal.o
 .debug_macro   0x0000000000000bd6      0x1a4 ./system/src/stm32f4-hal/stm32f4xx_hal.o
 .debug_macro   0x0000000000000d7a       0x2e ./system/src/stm32f4-hal/stm32f4xx_hal.o
 .debug_macro   0x0000000000000da8       0x28 ./system/src/stm32f4-hal/stm32f4xx_hal.o
 .debug_macro   0x0000000000000dd0      0x34e ./system/src/stm32f4-hal/stm32f4xx_hal.o
 .debug_macro   0x000000000000111e       0x35 ./system/src/stm32f4-hal/stm32f4xx_hal.o
 .debug_macro   0x0000000000001153       0x50 ./system/src/stm32f4-hal/stm32f4xx_hal.o
 .debug_macro   0x00000000000011a3      0xe66 ./system/src/stm32f4-hal/stm32f4xx_hal.o
 .debug_macro   0x0000000000002009     0x503e ./system/src/stm32f4-hal/stm32f4xx_hal.o
 .debug_macro   0x0000000000007047       0x43 ./system/src/stm32f4-hal/stm32f4xx_hal.o
 .debug_macro   0x000000000000708a     0x33a6 ./system/src/stm32f4-hal/stm32f4xx_hal.o
 .debug_macro   0x000000000000a430       0x58 ./system/src/stm32f4-hal/stm32f4xx_hal.o
 .debug_macro   0x000000000000a488       0x22 ./system/src/stm32f4-hal/stm32f4xx_hal.o
 .debug_macro   0x000000000000a4aa       0x35 ./system/src/stm32f4-hal/stm32f4xx_hal.o
 .debug_macro   0x000000000000a4df       0x9c ./system/src/stm32f4-hal/stm32f4xx_hal.o
 .debug_macro   0x000000000000a57b       0x16 ./system/src/stm32f4-hal/stm32f4xx_hal.o
 .debug_macro   0x000000000000a591       0x4a ./system/src/stm32f4-hal/stm32f4xx_hal.o
 .debug_macro   0x000000000000a5db       0x97 ./system/src/stm32f4-hal/stm32f4xx_hal.o
 .debug_macro   0x000000000000a672      0x329 ./system/src/stm32f4-hal/stm32f4xx_hal.o
 .debug_macro   0x000000000000a99b       0xfd ./system/src/stm32f4-hal/stm32f4xx_hal.o
 .debug_macro   0x000000000000aa98       0x10 ./system/src/stm32f4-hal/stm32f4xx_hal.o
 .debug_macro   0x000000000000aaa8       0x52 ./system/src/stm32f4-hal/stm32f4xx_hal.o
 .debug_macro   0x000000000000aafa       0x16 ./system/src/stm32f4-hal/stm32f4xx_hal.o
 .debug_macro   0x000000000000ab10       0x43 ./system/src/stm32f4-hal/stm32f4xx_hal.o
 .debug_macro   0x000000000000ab53      0x187 ./system/src/stm32f4-hal/stm32f4xx_hal.o
 .debug_macro   0x000000000000acda       0x10 ./system/src/stm32f4-hal/stm32f4xx_hal.o
 .debug_macro   0x000000000000acea       0x22 ./system/src/stm32f4-hal/stm32f4xx_hal.o
 .debug_macro   0x000000000000ad0c       0x22 ./system/src/stm32f4-hal/stm32f4xx_hal.o
 .debug_macro   0x000000000000ad2e       0x3a ./system/src/stm32f4-hal/stm32f4xx_hal.o
 .debug_macro   0x000000000000ad68       0x10 ./system/src/stm32f4-hal/stm32f4xx_hal.o
 .debug_macro   0x000000000000ad78       0x40 ./system/src/stm32f4-hal/stm32f4xx_hal.o
 .debug_macro   0x000000000000adb8       0x65 ./system/src/stm32f4-hal/stm32f4xx_hal.o
 .debug_macro   0x000000000000ae1d       0x16 ./system/src/stm32f4-hal/stm32f4xx_hal.o
 .debug_macro   0x000000000000ae33      0x197 ./system/src/stm32f4-hal/stm32f4xx_hal.o
 .debug_macro   0x000000000000afca       0x57 ./system/src/stm32f4-hal/stm32f4xx_hal.o
 .debug_macro   0x000000000000b021      0x408 ./system/src/stm32f4-hal/stm32f4xx_hal.o
 .debug_macro   0x000000000000b429      0x9da ./system/src/stm32f4-hal/stm32f4xx_hal.o
 .debug_macro   0x000000000000be03      0x11e ./system/src/stm32f4-hal/stm32f4xx_hal.o
 .debug_macro   0x000000000000bf21       0xf8 ./system/src/stm32f4-hal/stm32f4xx_hal.o
 .debug_macro   0x000000000000c019       0x27 ./system/src/stm32f4-hal/stm32f4xx_hal.o
 .debug_macro   0x000000000000c040      0x272 ./system/src/stm32f4-hal/stm32f4xx_hal.o
 .debug_macro   0x000000000000c2b2       0x5f ./system/src/stm32f4-hal/stm32f4xx_hal.o
 .debug_macro   0x000000000000c311      0x23a ./system/src/stm32f4-hal/stm32f4xx_hal.o
 .debug_macro   0x000000000000c54b      0x13a ./system/src/stm32f4-hal/stm32f4xx_hal.o
 .debug_macro   0x000000000000c685      0x264 ./system/src/stm32f4-hal/stm32f4xx_hal.o
 .debug_macro   0x000000000000c8e9       0x2e ./system/src/stm32f4-hal/stm32f4xx_hal.o
 .debug_macro   0x000000000000c917      0x11e ./system/src/stm32f4-hal/stm32f4xx_hal.o
 .debug_macro   0x000000000000ca35       0x85 ./system/src/stm32f4-hal/stm32f4xx_hal.o
 .debug_macro   0x000000000000caba       0x89 ./system/src/stm32f4-hal/stm32f4xx_hal.o
 .debug_macro   0x000000000000cb43      0x287 ./system/src/stm32f4-hal/stm32f4xx_hal.o
 .debug_macro   0x000000000000cdca      0x11e ./system/src/stm32f4-hal/stm32f4xx_hal.o
 .debug_macro   0x000000000000cee8      0x2b0 ./system/src/stm32f4-hal/stm32f4xx_hal_cortex.o
 .debug_macro   0x000000000000d198      0x2e8 ./system/src/stm32f4-hal/stm32f4xx_hal_gpio.o
 .debug_macro   0x000000000000d480      0x2da ./system/src/stm32f4-hal/stm32f4xx_hal_rcc.o
 .debug_macro   0x000000000000d75a      0x2b1 ./system/src/stm32f4-hal/stm32f4xx_hal_uart.o
 .debug_macro   0x000000000000da0b      0x172 ./system/src/newlib/_exit.o
 .debug_macro   0x000000000000db7d      0x10e ./system/src/newlib/_exit.o
 .debug_macro   0x000000000000dc8b       0x8d ./system/src/newlib/_exit.o
 .debug_macro   0x000000000000dd18       0x35 ./system/src/newlib/_exit.o
 .debug_macro   0x000000000000dd4d      0x12e ./system/src/newlib/_sbrk.o
 .debug_macro   0x000000000000de7b      0x174 ./system/src/newlib/_sbrk.o
 .debug_macro   0x000000000000dfef       0x10 ./system/src/newlib/_sbrk.o
 .debug_macro   0x000000000000dfff      0x23b ./system/src/newlib/_sbrk.o
 .debug_macro   0x000000000000e23a      0x138 ./system/src/newlib/_startup.o
 .debug_macro   0x000000000000e372      0x892 ./system/src/newlib/_startup.o
 .debug_macro   0x000000000000ec04      0x1c6 ./system/src/newlib/_syscalls.o
 .debug_macro   0x000000000000edca       0x1c ./system/src/newlib/_syscalls.o
 .debug_macro   0x000000000000ede6       0x10 ./system/src/newlib/_syscalls.o
 .debug_macro   0x000000000000edf6       0x10 ./system/src/newlib/_syscalls.o
 .debug_macro   0x000000000000ee06       0x10 ./system/src/newlib/_syscalls.o
 .debug_macro   0x000000000000ee16       0x35 ./system/src/newlib/_syscalls.o
 .debug_macro   0x000000000000ee4b      0x122 ./system/src/newlib/_syscalls.o
 .debug_macro   0x000000000000ef6d       0x88 ./system/src/newlib/_syscalls.o
 .debug_macro   0x000000000000eff5       0x2b ./system/src/newlib/_syscalls.o
 .debug_macro   0x000000000000f020      0x118 ./system/src/newlib/_syscalls.o
 .debug_macro   0x000000000000f138      0x159 ./system/src/newlib/_syscalls.o
 .debug_macro   0x000000000000f291       0x16 ./system/src/newlib/_syscalls.o
 .debug_macro   0x000000000000f2a7      0x2ba ./system/src/cortexm/_initialize_hardware.o
 .debug_macro   0x000000000000f561      0x2b6 ./system/src/cmsis/system_stm32f4xx.o
 .debug_macro   0x000000000000f817      0x2b0 ./src/_initialize_hardware.o
 .debug_macro   0x000000000000fac7      0x2c8 ./src/main.o
 .debug_macro   0x000000000000fd8f      0x2b0 ./src/stm32f4xx_hal_msp.o
